allGeneratedClasses=[
Leaf1ADto
Leaf1BAnyOfContainerDto
Leaf1BDto
Leaf1BLeaf2ADto
Leaf1BLeaf2BDto
Leaf2ADto
Leaf2BDto
Leaf2CDto
NamedPatientDto
NamedPatientPatientDto
PatientDto
Prop2RequiredDto
Prop3RequiredDto
Prop4RequiredDto
Root1Dto
Root1OneOfContainerDto
Root1Prop2RequiredDto
Root1Prop3RequiredDto
Root2Dto
Root2Leaf1BAnyOfContainerDto
Root2Leaf1BDto
Root2Leaf2CDto
Root2OneOfContainerDto
Root2Prop2RequiredDto
]