simpleMapPojo=[
public static ObjectPojo1Dto fromProperties(Map<String, Object> properties) {
  return new ObjectPojo1Dto(new HashMap<>(properties));
}
]