composedPojoHasNoAdditionalPropertiesAllowed=[
.
.

private Builder sampleObjectPojo1Dto(SampleObjectPojo1Dto dto) {
  stringVal(dto.getStringVal());
  intVal(dto.getIntVal());
  doubleVal(dto.getDoubleVal());
  return this;
}

private Builder sampleObjectPojo2Dto(SampleObjectPojo2Dto dto) {
  stringVal(dto.getStringVal());
  birthdate(dto.getBirthdate());
  email(dto.getEmail());
  dto.getAdditionalProperties().forEach(this::addAdditionalProperty);
  return this;
}

]


noBuilderSetMethodPrefix=[
.
.

private Builder sampleObjectPojo1Dto(SampleObjectPojo1Dto dto) {
  stringVal(dto.getStringVal());
  intVal(dto.getIntVal());
  doubleVal(dto.getDoubleVal());
  dto.getAdditionalProperties().forEach(this::addAdditionalProperty);
  return this;
}

private Builder sampleObjectPojo2Dto(SampleObjectPojo2Dto dto) {
  stringVal(dto.getStringVal());
  birthdate(dto.getBirthdate());
  email(dto.getEmail());
  dto.getAdditionalProperties().forEach(this::addAdditionalProperty);
  return this;
}

]


oneOfPojo=[
.
.

private Builder setSampleObjectPojo1Dto(SampleObjectPojo1Dto dto) {
  setStringVal(dto.getStringVal());
  setIntVal(dto.getIntVal());
  setDoubleVal(dto.getDoubleVal());
  dto.getAdditionalProperties().forEach(this::addAdditionalProperty);
  return this;
}

private Builder setNecessityAndNullabilityDto(NecessityAndNullabilityDto dto) {
  setRequiredStringVal(dto.getRequiredStringVal());
  setRequiredNullableStringVal(dto.getRequiredNullableStringValOpt1());
  setOptionalStringVal(dto.getOptionalStringValOpt2());
  setOptionalNullableStringVal(dto.getOptionalNullableStringValTristate());
  dto.getAdditionalProperties().forEach(this::addAdditionalProperty);
  return this;
}

]


oneOfPojoWithDiscriminator=[
.
.

private Builder setSampleObjectPojo1Dto(SampleObjectPojo1Dto dto) {
  setStringVal("SampleObjectPojo1");
  setIntVal(dto.getIntVal());
  setDoubleVal(dto.getDoubleVal());
  dto.getAdditionalProperties().forEach(this::addAdditionalProperty);
  return this;
}

private Builder setSampleObjectPojo2Dto(SampleObjectPojo2Dto dto) {
  setStringVal("SampleObjectPojo2");
  setBirthdate(dto.getBirthdate());
  setEmail(dto.getEmail());
  dto.getAdditionalProperties().forEach(this::addAdditionalProperty);
  return this;
}

]