allGeneratedClasses=[
LimitParam
OffsetParam
ThemeParam
VoltageParam
]