allGeneratedClasses=[
AdminDto
AdminOrUserDiscriminatorDto
AdminOrUserDiscriminatorMappingDto
AdminOrUserDiscriminatorMappingOneOfContainerDto
AdminOrUserDiscriminatorMappingOneOfContainerRequestDto
AdminOrUserDiscriminatorMappingOneOfContainerResponseDto
AdminOrUserDiscriminatorMappingRequestDto
AdminOrUserDiscriminatorMappingResponseDto
AdminOrUserDiscriminatorOneOfContainerDto
AdminOrUserDiscriminatorOneOfContainerRequestDto
AdminOrUserDiscriminatorOneOfContainerResponseDto
AdminOrUserDiscriminatorRequestDto
AdminOrUserDiscriminatorResponseDto
AdminOrUserDto
AdminOrUserOneOfContainerDto
AdminOrUserOneOfContainerRequestDto
AdminOrUserOneOfContainerResponseDto
AdminOrUserRequestDto
AdminOrUserResponseDto
BaseOneOfMemberReferenceDto
OneOfMemberReferenceDto
OneOfMemberReferenceOneOfContainerDto
OneOfMemberReferenceOneOfDto
UserDto
UserRequestDto
UserResponseDto
]