freeFormWithDefaultSettings=[
package com.github.muehmar;

import com.fasterxml.jackson.annotation.JsonCreator;
import com.fasterxml.jackson.annotation.JsonValue;
import java.util.Map;
import java.util.Objects;
import java.util.Optional;
import javax.validation.constraints.NotNull;

/**
 * Free form object
 */
public final class FreeFormDto {
  @JsonValue
  private final Map<String, Object> values;

  @JsonCreator
  public FreeFormDto(
      Map<String, Object> values
    ) {
    this.values = values;
  }

  /**
   * 
   */
  @NotNull
  public Map<String, Object> getValues() {
    return values;
  }

  public Optional<Object> getProperty(String propertyName) {
    return Optional.ofNullable(values.get(propertyName));
  }

  @Override
  public boolean equals(Object obj) {
    if (this == obj) return true;
    if (obj == null || this.getClass() != obj.getClass()) return false;
    final FreeFormDto other = (FreeFormDto) obj;
    return Objects.equals(values, other.values);
  }

  @Override
  public int hashCode() {
    return Objects.hash(
      values
    );
  }
}
]


freeFormWithNoJsonSupport=[
package com.github.muehmar;

import java.util.Map;
import java.util.Objects;
import java.util.Optional;
import javax.validation.constraints.NotNull;

/**
 * Free form object
 */
public final class FreeFormDto {
  private final Map<String, Object> values;

  public FreeFormDto(
      Map<String, Object> values
    ) {
    this.values = values;
  }

  /**
   * 
   */
  @NotNull
  public Map<String, Object> getValues() {
    return values;
  }

  public Optional<Object> getProperty(String propertyName) {
    return Optional.ofNullable(values.get(propertyName));
  }

  @Override
  public boolean equals(Object obj) {
    if (this == obj) return true;
    if (obj == null || this.getClass() != obj.getClass()) return false;
    final FreeFormDto other = (FreeFormDto) obj;
    return Objects.equals(values, other.values);
  }

  @Override
  public int hashCode() {
    return Objects.hash(
      values
    );
  }
}
]


freeFormWithValidationDisabled=[
package com.github.muehmar;

import com.fasterxml.jackson.annotation.JsonCreator;
import com.fasterxml.jackson.annotation.JsonValue;
import java.util.Map;
import java.util.Objects;
import java.util.Optional;

/**
 * Free form object
 */
public final class FreeFormDto {
  @JsonValue
  private final Map<String, Object> values;

  @JsonCreator
  public FreeFormDto(
      Map<String, Object> values
    ) {
    this.values = values;
  }

  /**
   * 
   */
  public Map<String, Object> getValues() {
    return values;
  }

  public Optional<Object> getProperty(String propertyName) {
    return Optional.ofNullable(values.get(propertyName));
  }

  @Override
  public boolean equals(Object obj) {
    if (this == obj) return true;
    if (obj == null || this.getClass() != obj.getClass()) return false;
    final FreeFormDto other = (FreeFormDto) obj;
    return Objects.equals(values, other.values);
  }

  @Override
  public int hashCode() {
    return Objects.hash(
      values
    );
  }
}
]