allGeneratedClasses=[
AllOfMemberReferenceAllOfDto
AllOfMemberReferenceDto
BaseAllOfMemberReferenceDto
BaseOrderDto
InvoiceAllOfDto
InvoiceDto
ReportDto
ReportInvoicesAllOfDto
ReportInvoicesDto
]