com.github.muehmar.gradle.openapi.generator.java.generator.pojo.getter.OptionalNullableGetterTest.generator_when_deprecatedAnnotation_then_correctOutputAndRefs=[
com.fasterxml.jackson.annotation.JsonIgnore
com.fasterxml.jackson.annotation.JsonInclude
com.fasterxml.jackson.annotation.JsonProperty
com.github.muehmar.openapi.util.JacksonNullContainer
com.github.muehmar.openapi.util.Tristate
java.time.LocalDate

/**
 * Birthdate
 */
@JsonIgnore
public Tristate<LocalDate> getBirthdate() {
  return Tristate.ofNullableAndNullFlag(birthdate, isBirthdateNull);
}

@JsonProperty("birthdate")
@JsonInclude(JsonInclude.Include.NON_NULL)
private Object getBirthdateJackson() {
  return isBirthdateNull ? new JacksonNullContainer<>(birthdate) : birthdate;
}

/**
 * @deprecated This method is intended to be used only by frameworks for
 * validation or serialisation.
 */
@Deprecated
public LocalDate getBirthdateRaw() {
  return birthdate;
}
]


com.github.muehmar.gradle.openapi.generator.java.generator.pojo.getter.OptionalNullableGetterTest.generator_when_disabledJacksonAndEnabledValidation_then_correctOutputAndRefs=[
com.github.muehmar.openapi.util.Tristate
java.time.LocalDate
javax.validation.constraints.Pattern

/**
 * Birthdate
 */
public Tristate<LocalDate> getBirthdate() {
  return Tristate.ofNullableAndNullFlag(birthdate, isBirthdateNull);
}

@Pattern(regexp="DatePattern")
private LocalDate getBirthdateRaw() {
  return birthdate;
}
]


com.github.muehmar.gradle.openapi.generator.java.generator.pojo.getter.OptionalNullableGetterTest.generator_when_enabledJacksonAndDisabledValidation_then_correctOutputAndRefs=[
com.fasterxml.jackson.annotation.JsonIgnore
com.fasterxml.jackson.annotation.JsonInclude
com.fasterxml.jackson.annotation.JsonProperty
com.github.muehmar.openapi.util.JacksonNullContainer
com.github.muehmar.openapi.util.Tristate
java.time.LocalDate

/**
 * Birthdate
 */
@JsonIgnore
public Tristate<LocalDate> getBirthdate() {
  return Tristate.ofNullableAndNullFlag(birthdate, isBirthdateNull);
}

@JsonProperty("birthdate")
@JsonInclude(JsonInclude.Include.NON_NULL)
private Object getBirthdateJackson() {
  return isBirthdateNull ? new JacksonNullContainer<>(birthdate) : birthdate;
}
]


com.github.muehmar.gradle.openapi.generator.java.generator.pojo.getter.OptionalNullableGetterTest.generator_when_optionalNullableSuffix_then_correctOutputAndRefs=[
com.github.muehmar.openapi.util.Tristate
java.time.LocalDate

/**
 * Birthdate
 */
public Tristate<LocalDate> getBirthdateOptNull() {
  return Tristate.ofNullableAndNullFlag(birthdate, isBirthdateNull);
}
]