allNecessityAndNullabilityVariants=[
private final String requiredStringVal;
private final String requiredNullableStringVal;
private final boolean isRequiredNullableStringValPresent;
private final String optionalStringVal;
private final String optionalNullableStringVal;
private final boolean isOptionalNullableStringValNull;
private final Map<String, Object> additionalProperties;
]