allGeneratedClasses=[
DataTypesDto
InlineEnumDto
InlinedMapSchemaDto
InlinedMapSchemaMapDto
MedicationDto
RootMapSchemaDto
RootMapSchemaPropertyDto
SampleDto
]